To honour the JVM settings for this build a single-use Daemon process will be forked. For more on this, please refer to https://docs.gradle.org/8.14.4/userguide/gradle_daemon.html#sec:disabling_the_daemon in the Gradle documentation.
Daemon will be stopped at the end of the build 
> Task :compileJava UP-TO-DATE
> Task :processResources UP-TO-DATE
> Task :classes UP-TO-DATE
> Task :resolveMainClassName UP-TO-DATE

> Task :bootRun

  .   ____          _            __ _ _
 /\\ / ___'_ __ _ _(_)_ __  __ _ \ \ \ \
( ( )\___ | '_ | '_| | '_ \/ _` | \ \ \ \
 \\/  ___)| |_)| | | | | || (_| |  ) ) ) )
  '  |____| .__|_| |_|_| |_\__, | / / / /
 =========|_|==============|___/=/_/_/_/

 :: Spring Boot ::                (v3.5.0)

2026-06-05T13:27:44.498+09:00  INFO 24408 --- [schemaforge-java] [           main] c.s.SchemaforgeJavaApplication           : Starting SchemaforgeJavaApplication using Java 21.0.10 with PID 24408 (C:\schemaforge-java\build\classes\java\main started by gkdmsgus in C:\schemaforge-java)
2026-06-05T13:27:44.505+09:00  INFO 24408 --- [schemaforge-java] [           main] c.s.SchemaforgeJavaApplication           : No active profile set, falling back to 1 default profile: "default"
2026-06-05T13:27:45.070+09:00  INFO 24408 --- [schemaforge-java] [           main] .s.d.r.c.RepositoryConfigurationDelegate : Bootstrapping Spring Data JPA repositories in DEFAULT mode.
2026-06-05T13:27:45.248+09:00  INFO 24408 --- [schemaforge-java] [           main] .s.d.r.c.RepositoryConfigurationDelegate : Finished Spring Data repository scanning in 167 ms. Found 3 JPA repository interfaces.
2026-06-05T13:27:45.648+09:00  INFO 24408 --- [schemaforge-java] [           main] o.s.b.w.embedded.tomcat.TomcatWebServer  : Tomcat initialized with port 8080 (http)
2026-06-05T13:27:45.661+09:00  INFO 24408 --- [schemaforge-java] [           main] o.apache.catalina.core.StandardService   : Starting service [Tomcat]
2026-06-05T13:27:45.661+09:00  INFO 24408 --- [schemaforge-java] [           main] o.apache.catalina.core.StandardEngine    : Starting Servlet engine: [Apache Tomcat/10.1.41]
2026-06-05T13:27:45.705+09:00  INFO 24408 --- [schemaforge-java] [           main] o.a.c.c.C.[Tomcat].[localhost].[/]       : Initializing Spring embedded WebApplicationContext
2026-06-05T13:27:45.705+09:00  INFO 24408 --- [schemaforge-java] [           main] w.s.c.ServletWebServerApplicationContext : Root WebApplicationContext: initialization completed in 1164 ms
2026-06-05T13:27:45.957+09:00  INFO 24408 --- [schemaforge-java] [           main] o.hibernate.jpa.internal.util.LogHelper  : HHH000204: Processing PersistenceUnitInfo [name: default]
2026-06-05T13:27:45.986+09:00  INFO 24408 --- [schemaforge-java] [           main] org.hibernate.Version                    : HHH000412: Hibernate ORM core version 6.6.15.Final
2026-06-05T13:27:46.032+09:00  INFO 24408 --- [schemaforge-java] [           main] o.h.c.internal.RegionFactoryInitiator    : HHH000026: Second-level cache disabled
2026-06-05T13:27:46.333+09:00  INFO 24408 --- [schemaforge-java] [           main] o.s.o.j.p.SpringPersistenceUnitInfo      : No LoadTimeWeaver setup: ignoring JPA class transformer
2026-06-05T13:27:46.356+09:00  INFO 24408 --- [schemaforge-java] [           main] com.zaxxer.hikari.HikariDataSource       : HikariPool-1 - Starting...
2026-06-05T13:27:46.546+09:00  INFO 24408 --- [schemaforge-java] [           main] com.zaxxer.hikari.pool.HikariPool        : HikariPool-1 - Added connection conn0: url=jdbc:h2:mem:schemaforge user=SA
2026-06-05T13:27:46.548+09:00  INFO 24408 --- [schemaforge-java] [           main] com.zaxxer.hikari.HikariDataSource       : HikariPool-1 - Start completed.
2026-06-05T13:27:46.571+09:00  WARN 24408 --- [schemaforge-java] [           main] org.hibernate.orm.deprecation            : HHH90000025: H2Dialect does not need to be specified explicitly using 'hibernate.dialect' (remove the property setting and it will be selected by default)
2026-06-05T13:27:46.588+09:00  INFO 24408 --- [schemaforge-java] [           main] org.hibernate.orm.connections.pooling    : HHH10001005: Database info:
	Database JDBC URL [Connecting through datasource 'HikariDataSource (HikariPool-1)']
	Database driver: undefined/unknown
	Database version: 2.3.232
	Autocommit mode: undefined/unknown
	Isolation level: undefined/unknown
	Minimum pool size: undefined/unknown
	Maximum pool size: undefined/unknown
2026-06-05T13:27:47.830+09:00  INFO 24408 --- [schemaforge-java] [           main] o.h.e.t.j.p.i.JtaPlatformInitiator       : HHH000489: No JTA platform available (set 'hibernate.transaction.jta.platform' to enable JTA platform integration)
2026-06-05T13:27:47.919+09:00  INFO 24408 --- [schemaforge-java] [           main] j.LocalContainerEntityManagerFactoryBean : Initialized JPA EntityManagerFactory for persistence unit 'default'
2026-06-05T13:27:49.456+09:00  INFO 24408 --- [schemaforge-java] [           main] o.s.b.w.embedded.tomcat.TomcatWebServer  : Tomcat started on port 8080 (http) with context path '/'
2026-06-05T13:27:49.459+09:00  INFO 24408 --- [schemaforge-java] [           main] c.s.SchemaforgeJavaApplication           : Started SchemaforgeJavaApplication in 5.312 seconds (process running for 5.632)
2026-06-05T14:30:19.233+09:00  WARN 24408 --- [schemaforge-java] [l-1:housekeeper] com.zaxxer.hikari.pool.HikariPool        : HikariPool-1 - Thread starvation or clock leap detected (housekeeper delta=3m1s604ms738µs400ns).
2026-06-05T15:28:08.491+09:00  WARN 24408 --- [schemaforge-java] [l-1:housekeeper] com.zaxxer.hikari.pool.HikariPool        : HikariPool-1 - Thread starvation or clock leap detected (housekeeper delta=5m18s417ms923µs500ns).
